
  [1;31mWe've found a bug for you![0m
  [36m./tests/source/highlighting_6.ml[0m [2m2:12[0m
  
  1 [2mâ”‚[0m (* single char highlighted *)
  [1;31m2[0m [2mâ”‚[0m let asd = {[1;31m}[0m
  
  Syntax error
  
