
  [1;31mWe've found a bug for you![0m
  [36m./tests/source/highlighting_2.ml[0m [2m3:36-5:25[0m
  
  1 [2mâ”†[0m 
  2 [2mâ”†[0m 
  [1;31m3[0m [2mâ”†[0m let a: int = [1;31m"hel[0m
  [1;31m4[0m [2mâ”†[0m 
  [1;31m5[0m [2mâ”†[0m [1;31mlo"[0m
  
  This is:
    [1;31mstring[0m
  But somewhere wanted:
    [1;33mint[0m
  
