
  [1;31mWe've found a bug for you![0m
  [36m./tests/source/syntax_error_4.ml[0m [2m5:24[0m
  
  3 [2mâ”‚[0m   messages: message list;
  4 [2mâ”‚[0m }
  [1;31m5[0m [2mâ”‚[0m type output = file list[1;31m;[0m
  
  Syntax error
  
