
  [1;31mWe've found a bug for you![0m
  [36m./tests/source/syntax_error_3.ml[0m [2m1:21[0m
  
  [1;31m1[0m [2mâ”‚[0m let a = (print_char [1;31m'[0ma)
  
  Syntax error: operator expected.
  
