
  [1;31mWe've found a bug for you![0m
  [36m./tests/source/trimmed_output_5.ml[0m [2m6:13-9:3[0m
  
   4 [2mâ”‚[0m 
   5 [2mâ”‚[0m 
  [1;31m 6[0m [2mâ”‚[0m let a:int = [1;31m"asdaaaaaaaaaaaaaaaaaaaaa[0m
  [1;31m 7[0m [2mâ”‚[0m [1;31maa[0m
  [1;31m 8[0m [2mâ”‚[0m [1;31maa[0m
  [1;31m 9[0m [2mâ”‚[0m [1;31maa"[0m
  10 [2mâ”‚[0m 
  11 [2mâ”‚[0m 
  
  This is:
    [1;31mstring[0m
  But somewhere wanted:
    [1;33mint[0m
  
