
  [1;31mWe've found a bug for you![0m
  [36m./tests/source/unbound_value_1.ml[0m [2m1:9-14[0m
  
  [1;31m1[0m [2mâ”‚[0m let b = [1;31mList.b[0m
  
  The value b can't be found in List
  
