
  [1;31mWe've found a bug for you![0m
  [36m./tests/source/unbound_value_3.ml[0m [2m1:11-14[0m
  
  [1;31m1[0m [2mâ”‚[0m let asd = [1;31maaa;[0m
  
  The value aaa can't be found
  
