
  [1;31mWe've found a bug for you![0m
  [36m./tests/source/unbound_value_2.ml[0m [2m11:11-21[0m
  
   9 [2mâ”‚[0m end
  10 [2mâ”‚[0m 
  [1;31m11[0m [2mâ”‚[0m let asd = [1;31mA.B.C.D.aaa[0m
  
  The value aaa can't be found in A.B.C.D
  
  [1;33mHint: Did you mean aaaa?[0m
  
