
  [1;31mWe've found a bug for you![0m
  [36m./tests/source/unbound_module.ml[0m [2m1:9-13[0m
  
  [1;31m1[0m [2mâ”‚[0m let b = [1;31mFoo.b[0m
  
  [1;33mThe module or file Foo can't be found.[0m
  
  - If it's a third-party dependency:
    - Did you list it in bsconfig.json?
    - Did you run `bsb` instead of `bsb -make-world`
      (latter builds third-parties)?
  - Did you include the file's directory in bsconfig.json?
  
