
  [1;31mWe've found a bug for you![0m
  [36m./tests/source/unification_simple.ml[0m [2m1:14-20[0m
  
  [1;31m1[0m [2mâ”‚[0m let a: int = [1;31m"hello"[0m
  
  This is:
    [1;31mstring[0m
  But somewhere wanted:
    [1;33mint[0m
  
